=== gdlint pass ===
--- addons/mobile_terrain/core/terrain_constants.gd ---
Success: no problems found

--- addons/mobile_terrain/core/terrain_diagnostics.gd ---
addons/mobile_terrain/core/terrain_diagnostics.gd:26: Error: Max allowed line length (100) exceeded (max-line-length)
addons/mobile_terrain/core/terrain_diagnostics.gd:28: Error: Max allowed line length (100) exceeded (max-line-length)
addons/mobile_terrain/core/terrain_diagnostics.gd:29: Error: Max allowed line length (100) exceeded (max-line-length)
addons/mobile_terrain/core/terrain_diagnostics.gd:30: Error: Max allowed line length (100) exceeded (max-line-length)
addons/mobile_terrain/core/terrain_diagnostics.gd:32: Error: Max allowed line length (100) exceeded (max-line-length)
addons/mobile_terrain/core/terrain_diagnostics.gd:35: Error: Max allowed line length (100) exceeded (max-line-length)
addons/mobile_terrain/core/terrain_diagnostics.gd:36: Error: Max allowed line length (100) exceeded (max-line-length)
Failure: 7 problems found

--- addons/mobile_terrain/editor/save_orchestrator.gd ---
addons/mobile_terrain/editor/save_orchestrator.gd:63: Error: Max allowed line length (100) exceeded (max-line-length)
addons/mobile_terrain/editor/save_orchestrator.gd:24: Error: Constant (load/preload) name "_TerrainNode" is not valid (load-constant-name)
Failure: 2 problems found

--- addons/mobile_terrain/fix_texture_imports.gd ---
addons/mobile_terrain/fix_texture_imports.gd:334: Error: Function "_process_import_file" has more than 6 return statements (max-returns)
addons/mobile_terrain/fix_texture_imports.gd:338: Error: Max allowed line length (100) exceeded (max-line-length)
addons/mobile_terrain/fix_texture_imports.gd:389: Error: Max allowed line length (100) exceeded (max-line-length)
addons/mobile_terrain/fix_texture_imports.gd:83: Error: Trailing whitespace(s) (trailing-whitespace)
addons/mobile_terrain/fix_texture_imports.gd:94: Error: Trailing whitespace(s) (trailing-whitespace)
addons/mobile_terrain/fix_texture_imports.gd:97: Error: Trailing whitespace(s) (trailing-whitespace)
addons/mobile_terrain/fix_texture_imports.gd:101: Error: Trailing whitespace(s) (trailing-whitespace)
addons/mobile_terrain/fix_texture_imports.gd:106: Error: Trailing whitespace(s) (trailing-whitespace)
addons/mobile_terrain/fix_texture_imports.gd:116: Error: Trailing whitespace(s) (trailing-whitespace)
addons/mobile_terrain/fix_texture_imports.gd:132: Error: Trailing whitespace(s) (trailing-whitespace)
addons/mobile_terrain/fix_texture_imports.gd:140: Error: Trailing whitespace(s) (trailing-whitespace)
addons/mobile_terrain/fix_texture_imports.gd:155: Error: Trailing whitespace(s) (trailing-whitespace)
addons/mobile_terrain/fix_texture_imports.gd:164: Error: Trailing whitespace(s) (trailing-whitespace)
addons/mobile_terrain/fix_texture_imports.gd:171: Error: Trailing whitespace(s) (trailing-whitespace)
addons/mobile_terrain/fix_texture_imports.gd:183: Error: Trailing whitespace(s) (trailing-whitespace)
addons/mobile_terrain/fix_texture_imports.gd:200: Error: Trailing whitespace(s) (trailing-whitespace)
addons/mobile_terrain/fix_texture_imports.gd:204: Error: Trailing whitespace(s) (trailing-whitespace)
addons/mobile_terrain/fix_texture_imports.gd:207: Error: Trailing whitespace(s) (trailing-whitespace)
addons/mobile_terrain/fix_texture_imports.gd:213: Error: Trailing whitespace(s) (trailing-whitespace)
addons/mobile_terrain/fix_texture_imports.gd:217: Error: Trailing whitespace(s) (trailing-whitespace)
addons/mobile_terrain/fix_texture_imports.gd:238: Error: Trailing whitespace(s) (trailing-whitespace)
addons/mobile_terrain/fix_texture_imports.gd:243: Error: Trailing whitespace(s) (trailing-whitespace)
addons/mobile_terrain/fix_texture_imports.gd:261: Error: Trailing whitespace(s) (trailing-whitespace)
addons/mobile_terrain/fix_texture_imports.gd:268: Error: Trailing whitespace(s) (trailing-whitespace)
addons/mobile_terrain/fix_texture_imports.gd:272: Error: Trailing whitespace(s) (trailing-whitespace)
addons/mobile_terrain/fix_texture_imports.gd:277: Error: Trailing whitespace(s) (trailing-whitespace)
addons/mobile_terrain/fix_texture_imports.gd:279: Error: Trailing whitespace(s) (trailing-whitespace)
addons/mobile_terrain/fix_texture_imports.gd:287: Error: Trailing whitespace(s) (trailing-whitespace)
addons/mobile_terrain/fix_texture_imports.gd:293: Error: Trailing whitespace(s) (trailing-whitespace)
addons/mobile_terrain/fix_texture_imports.gd:298: Error: Trailing whitespace(s) (trailing-whitespace)
addons/mobile_terrain/fix_texture_imports.gd:304: Error: Trailing whitespace(s) (trailing-whitespace)
addons/mobile_terrain/fix_texture_imports.gd:309: Error: Trailing whitespace(s) (trailing-whitespace)
addons/mobile_terrain/fix_texture_imports.gd:318: Error: Trailing whitespace(s) (trailing-whitespace)
addons/mobile_terrain/fix_texture_imports.gd:326: Error: Trailing whitespace(s) (trailing-whitespace)
addons/mobile_terrain/fix_texture_imports.gd:330: Error: Trailing whitespace(s) (trailing-whitespace)
addons/mobile_terrain/fix_texture_imports.gd:337: Error: Trailing whitespace(s) (trailing-whitespace)
Failure: 36 problems found

--- addons/mobile_terrain/mobile_terrain_data.gd ---
Success: no problems found

--- addons/mobile_terrain/mobile_terrain_node.gd ---
addons/mobile_terrain/mobile_terrain_node.gd:233: Error: Max allowed line length (100) exceeded (max-line-length)
addons/mobile_terrain/mobile_terrain_node.gd:727: Error: Max allowed line length (100) exceeded (max-line-length)
addons/mobile_terrain/mobile_terrain_node.gd:811: Error: Max allowed line length (100) exceeded (max-line-length)
addons/mobile_terrain/mobile_terrain_node.gd:812: Error: Max allowed line length (100) exceeded (max-line-length)
addons/mobile_terrain/mobile_terrain_node.gd:813: Error: Max allowed line length (100) exceeded (max-line-length)
addons/mobile_terrain/mobile_terrain_node.gd:814: Error: Max allowed line length (100) exceeded (max-line-length)
addons/mobile_terrain/mobile_terrain_node.gd:901: Error: Max allowed line length (100) exceeded (max-line-length)
addons/mobile_terrain/mobile_terrain_node.gd:906: Error: Max allowed line length (100) exceeded (max-line-length)
addons/mobile_terrain/mobile_terrain_node.gd:948: Error: Max allowed line length (100) exceeded (max-line-length)
addons/mobile_terrain/mobile_terrain_node.gd:953: Error: Max allowed line length (100) exceeded (max-line-length)
addons/mobile_terrain/mobile_terrain_node.gd:1010: Error: Max allowed line length (100) exceeded (max-line-length)
addons/mobile_terrain/mobile_terrain_node.gd:1020: Error: Max allowed line length (100) exceeded (max-line-length)
addons/mobile_terrain/mobile_terrain_node.gd:1278: Error: Max allowed line length (100) exceeded (max-line-length)
addons/mobile_terrain/mobile_terrain_node.gd:1291: Error: Max allowed line length (100) exceeded (max-line-length)
addons/mobile_terrain/mobile_terrain_node.gd:1309: Error: Max allowed line length (100) exceeded (max-line-length)
addons/mobile_terrain/mobile_terrain_node.gd:1326: Error: Max allowed line length (100) exceeded (max-line-length)
addons/mobile_terrain/mobile_terrain_node.gd:1418: Error: Max allowed line length (100) exceeded (max-line-length)
addons/mobile_terrain/mobile_terrain_node.gd:1756: Error: Max allowed line length (100) exceeded (max-line-length)
addons/mobile_terrain/mobile_terrain_node.gd:1773: Error: Max allowed line length (100) exceeded (max-line-length)
addons/mobile_terrain/mobile_terrain_node.gd:1972: Error: Max allowed line length (100) exceeded (max-line-length)
addons/mobile_terrain/mobile_terrain_node.gd:2042: Error: Max allowed line length (100) exceeded (max-line-length)
addons/mobile_terrain/mobile_terrain_node.gd:2044: Error: Max allowed line length (100) exceeded (max-line-length)
addons/mobile_terrain/mobile_terrain_node.gd:2046: Error: Max allowed line length (100) exceeded (max-line-length)
addons/mobile_terrain/mobile_terrain_node.gd:2048: Error: Max allowed line length (100) exceeded (max-line-length)
addons/mobile_terrain/mobile_terrain_node.gd:2050: Error: Max allowed line length (100) exceeded (max-line-length)
addons/mobile_terrain/mobile_terrain_node.gd:2052: Error: Max allowed line length (100) exceeded (max-line-length)
addons/mobile_terrain/mobile_terrain_node.gd:2084: Error: Max allowed line length (100) exceeded (max-line-length)
addons/mobile_terrain/mobile_terrain_node.gd:2321: Error: Max allowed file lines num (1000) exceeded (max-file-lines)
addons/mobile_terrain/mobile_terrain_node.gd:182: Error: Trailing whitespace(s) (trailing-whitespace)
addons/mobile_terrain/mobile_terrain_node.gd:337: Error: Trailing whitespace(s) (trailing-whitespace)
addons/mobile_terrain/mobile_terrain_node.gd:346: Error: Trailing whitespace(s) (trailing-whitespace)
addons/mobile_terrain/mobile_terrain_node.gd:350: Error: Trailing whitespace(s) (trailing-whitespace)
addons/mobile_terrain/mobile_terrain_node.gd:353: Error: Trailing whitespace(s) (trailing-whitespace)
addons/mobile_terrain/mobile_terrain_node.gd:380: Error: Trailing whitespace(s) (trailing-whitespace)
addons/mobile_terrain/mobile_terrain_node.gd:381: Error: Trailing whitespace(s) (trailing-whitespace)
addons/mobile_terrain/mobile_terrain_node.gd:382: Error: Trailing whitespace(s) (trailing-whitespace)
addons/mobile_terrain/mobile_terrain_node.gd:383: Error: Trailing whitespace(s) (trailing-whitespace)
addons/mobile_terrain/mobile_terrain_node.gd:425: Error: Trailing whitespace(s) (trailing-whitespace)
addons/mobile_terrain/mobile_terrain_node.gd:453: Error: Trailing whitespace(s) (trailing-whitespace)
addons/mobile_terrain/mobile_terrain_node.gd:467: Error: Trailing whitespace(s) (trailing-whitespace)
addons/mobile_terrain/mobile_terrain_node.gd:598: Error: Trailing whitespace(s) (trailing-whitespace)
addons/mobile_terrain/mobile_terrain_node.gd:612: Error: Trailing whitespace(s) (trailing-whitespace)
addons/mobile_terrain/mobile_terrain_node.gd:615: Error: Trailing whitespace(s) (trailing-whitespace)
addons/mobile_terrain/mobile_terrain_node.gd:643: Error: Trailing whitespace(s) (trailing-whitespace)
addons/mobile_terrain/mobile_terrain_node.gd:683: Error: Trailing whitespace(s) (trailing-whitespace)
addons/mobile_terrain/mobile_terrain_node.gd:685: Error: Trailing whitespace(s) (trailing-whitespace)
addons/mobile_terrain/mobile_terrain_node.gd:700: Error: Trailing whitespace(s) (trailing-whitespace)
addons/mobile_terrain/mobile_terrain_node.gd:721: Error: Trailing whitespace(s) (trailing-whitespace)
addons/mobile_terrain/mobile_terrain_node.gd:728: Error: Trailing whitespace(s) (trailing-whitespace)
addons/mobile_terrain/mobile_terrain_node.gd:796: Error: Trailing whitespace(s) (trailing-whitespace)
addons/mobile_terrain/mobile_terrain_node.gd:1064: Error: Trailing whitespace(s) (trailing-whitespace)
addons/mobile_terrain/mobile_terrain_node.gd:1073: Error: Trailing whitespace(s) (trailing-whitespace)
addons/mobile_terrain/mobile_terrain_node.gd:1204: Error: Trailing whitespace(s) (trailing-whitespace)
addons/mobile_terrain/mobile_terrain_node.gd:1224: Error: Trailing whitespace(s) (trailing-whitespace)
addons/mobile_terrain/mobile_terrain_node.gd:1377: Error: Trailing whitespace(s) (trailing-whitespace)
addons/mobile_terrain/mobile_terrain_node.gd:1499: Error: Trailing whitespace(s) (trailing-whitespace)
addons/mobile_terrain/mobile_terrain_node.gd:1531: Error: Trailing whitespace(s) (trailing-whitespace)
addons/mobile_terrain/mobile_terrain_node.gd:1564: Error: Trailing whitespace(s) (trailing-whitespace)
addons/mobile_terrain/mobile_terrain_node.gd:1581: Error: Trailing whitespace(s) (trailing-whitespace)
addons/mobile_terrain/mobile_terrain_node.gd:1601: Error: Trailing whitespace(s) (trailing-whitespace)
addons/mobile_terrain/mobile_terrain_node.gd:1617: Error: Trailing whitespace(s) (trailing-whitespace)
addons/mobile_terrain/mobile_terrain_node.gd:1635: Error: Trailing whitespace(s) (trailing-whitespace)
addons/mobile_terrain/mobile_terrain_node.gd:1642: Error: Trailing whitespace(s) (trailing-whitespace)
addons/mobile_terrain/mobile_terrain_node.gd:1672: Error: Trailing whitespace(s) (trailing-whitespace)
addons/mobile_terrain/mobile_terrain_node.gd:1748: Error: Trailing whitespace(s) (trailing-whitespace)
addons/mobile_terrain/mobile_terrain_node.gd:1758: Error: Trailing whitespace(s) (trailing-whitespace)
addons/mobile_terrain/mobile_terrain_node.gd:1760: Error: Trailing whitespace(s) (trailing-whitespace)
addons/mobile_terrain/mobile_terrain_node.gd:1783: Error: Trailing whitespace(s) (trailing-whitespace)
addons/mobile_terrain/mobile_terrain_node.gd:1794: Error: Trailing whitespace(s) (trailing-whitespace)
addons/mobile_terrain/mobile_terrain_node.gd:1804: Error: Trailing whitespace(s) (trailing-whitespace)
addons/mobile_terrain/mobile_terrain_node.gd:1850: Error: Trailing whitespace(s) (trailing-whitespace)
addons/mobile_terrain/mobile_terrain_node.gd:1854: Error: Trailing whitespace(s) (trailing-whitespace)
addons/mobile_terrain/mobile_terrain_node.gd:1873: Error: Trailing whitespace(s) (trailing-whitespace)
addons/mobile_terrain/mobile_terrain_node.gd:1880: Error: Trailing whitespace(s) (trailing-whitespace)
addons/mobile_terrain/mobile_terrain_node.gd:1954: Error: Trailing whitespace(s) (trailing-whitespace)
addons/mobile_terrain/mobile_terrain_node.gd:1979: Error: Trailing whitespace(s) (trailing-whitespace)
addons/mobile_terrain/mobile_terrain_node.gd:1982: Error: Trailing whitespace(s) (trailing-whitespace)
addons/mobile_terrain/mobile_terrain_node.gd:1997: Error: Trailing whitespace(s) (trailing-whitespace)
addons/mobile_terrain/mobile_terrain_node.gd:1999: Error: Trailing whitespace(s) (trailing-whitespace)
addons/mobile_terrain/mobile_terrain_node.gd:2001: Error: Trailing whitespace(s) (trailing-whitespace)
addons/mobile_terrain/mobile_terrain_node.gd:2191: Error: Trailing whitespace(s) (trailing-whitespace)
addons/mobile_terrain/mobile_terrain_node.gd:2193: Error: Trailing whitespace(s) (trailing-whitespace)
addons/mobile_terrain/mobile_terrain_node.gd:2195: Error: Trailing whitespace(s) (trailing-whitespace)
addons/mobile_terrain/mobile_terrain_node.gd:2197: Error: Trailing whitespace(s) (trailing-whitespace)
addons/mobile_terrain/mobile_terrain_node.gd:2218: Error: Trailing whitespace(s) (trailing-whitespace)
addons/mobile_terrain/mobile_terrain_node.gd:2225: Error: Trailing whitespace(s) (trailing-whitespace)
addons/mobile_terrain/mobile_terrain_node.gd:2234: Error: Trailing whitespace(s) (trailing-whitespace)
addons/mobile_terrain/mobile_terrain_node.gd:2258: Error: Trailing whitespace(s) (trailing-whitespace)
addons/mobile_terrain/mobile_terrain_node.gd:2266: Error: Trailing whitespace(s) (trailing-whitespace)
addons/mobile_terrain/mobile_terrain_node.gd:2278: Error: Trailing whitespace(s) (trailing-whitespace)
addons/mobile_terrain/mobile_terrain_node.gd:2287: Error: Trailing whitespace(s) (trailing-whitespace)
addons/mobile_terrain/mobile_terrain_node.gd:2297: Error: Trailing whitespace(s) (trailing-whitespace)
addons/mobile_terrain/mobile_terrain_node.gd:1606: Error: Function-scope variable name "nxL" is not valid (function-variable-name)
addons/mobile_terrain/mobile_terrain_node.gd:1607: Error: Function-scope variable name "nxR" is not valid (function-variable-name)
addons/mobile_terrain/mobile_terrain_node.gd:1608: Error: Function-scope variable name "nzD" is not valid (function-variable-name)
addons/mobile_terrain/mobile_terrain_node.gd:1609: Error: Function-scope variable name "nzU" is not valid (function-variable-name)
addons/mobile_terrain/mobile_terrain_node.gd:1610: Error: Function-scope variable name "hL" is not valid (function-variable-name)
addons/mobile_terrain/mobile_terrain_node.gd:1611: Error: Function-scope variable name "hR" is not valid (function-variable-name)
addons/mobile_terrain/mobile_terrain_node.gd:1612: Error: Function-scope variable name "hD" is not valid (function-variable-name)
addons/mobile_terrain/mobile_terrain_node.gd:1613: Error: Function-scope variable name "hU" is not valid (function-variable-name)
addons/mobile_terrain/mobile_terrain_node.gd:133: Error: Definition out of order in global scope (class-definitions-order)
addons/mobile_terrain/mobile_terrain_node.gd:152: Error: Definition out of order in global scope (class-definitions-order)
addons/mobile_terrain/mobile_terrain_node.gd:153: Error: Definition out of order in global scope (class-definitions-order)
addons/mobile_terrain/mobile_terrain_node.gd:156: Error: Definition out of order in global scope (class-definitions-order)
addons/mobile_terrain/mobile_terrain_node.gd:172: Error: Definition out of order in global scope (class-definitions-order)
addons/mobile_terrain/mobile_terrain_node.gd:179: Error: Definition out of order in global scope (class-definitions-order)
addons/mobile_terrain/mobile_terrain_node.gd:181: Error: Definition out of order in global scope (class-definitions-order)
addons/mobile_terrain/mobile_terrain_node.gd:182: Error: Definition out of order in global scope (class-definitions-order)
addons/mobile_terrain/mobile_terrain_node.gd:183: Error: Definition out of order in global scope (class-definitions-order)
addons/mobile_terrain/mobile_terrain_node.gd:184: Error: Definition out of order in global scope (class-definitions-order)
addons/mobile_terrain/mobile_terrain_node.gd:185: Error: Definition out of order in global scope (class-definitions-order)
addons/mobile_terrain/mobile_terrain_node.gd:186: Error: Definition out of order in global scope (class-definitions-order)
addons/mobile_terrain/mobile_terrain_node.gd:201: Error: Definition out of order in global scope (class-definitions-order)
addons/mobile_terrain/mobile_terrain_node.gd:208: Error: Definition out of order in global scope (class-definitions-order)
addons/mobile_terrain/mobile_terrain_node.gd:209: Error: Definition out of order in global scope (class-definitions-order)
addons/mobile_terrain/mobile_terrain_node.gd:210: Error: Definition out of order in global scope (class-definitions-order)
addons/mobile_terrain/mobile_terrain_node.gd:213: Error: Definition out of order in global scope (class-definitions-order)
addons/mobile_terrain/mobile_terrain_node.gd:214: Error: Definition out of order in global scope (class-definitions-order)
addons/mobile_terrain/mobile_terrain_node.gd:217: Error: Definition out of order in global scope (class-definitions-order)
addons/mobile_terrain/mobile_terrain_node.gd:233: Error: Definition out of order in global scope (class-definitions-order)
addons/mobile_terrain/mobile_terrain_node.gd:241: Error: Definition out of order in global scope (class-definitions-order)
addons/mobile_terrain/mobile_terrain_node.gd:244: Error: Definition out of order in global scope (class-definitions-order)
addons/mobile_terrain/mobile_terrain_node.gd:264: Error: Definition out of order in global scope (class-definitions-order)
addons/mobile_terrain/mobile_terrain_node.gd:477: Error: Definition out of order in global scope (class-definitions-order)
addons/mobile_terrain/mobile_terrain_node.gd:822: Error: Definition out of order in global scope (class-definitions-order)
addons/mobile_terrain/mobile_terrain_node.gd:980: Error: Definition out of order in global scope (class-definitions-order)
addons/mobile_terrain/mobile_terrain_node.gd:436: Error: Unnecessary "else" after "return" (no-else-return)
Failure: 127 problems found

--- addons/mobile_terrain/mobile_terrain_plugin.gd ---
addons/mobile_terrain/mobile_terrain_plugin.gd:1890: Error: Function "_forward_3d_gui_input" has more than 6 return statements (max-returns)
addons/mobile_terrain/mobile_terrain_plugin.gd:249: Error: Max allowed line length (100) exceeded (max-line-length)
addons/mobile_terrain/mobile_terrain_plugin.gd:560: Error: Max allowed line length (100) exceeded (max-line-length)
addons/mobile_terrain/mobile_terrain_plugin.gd:632: Error: Max allowed line length (100) exceeded (max-line-length)
addons/mobile_terrain/mobile_terrain_plugin.gd:698: Error: Max allowed line length (100) exceeded (max-line-length)
addons/mobile_terrain/mobile_terrain_plugin.gd:736: Error: Max allowed line length (100) exceeded (max-line-length)
addons/mobile_terrain/mobile_terrain_plugin.gd:817: Error: Max allowed line length (100) exceeded (max-line-length)
addons/mobile_terrain/mobile_terrain_plugin.gd:822: Error: Max allowed line length (100) exceeded (max-line-length)
addons/mobile_terrain/mobile_terrain_plugin.gd:823: Error: Max allowed line length (100) exceeded (max-line-length)
addons/mobile_terrain/mobile_terrain_plugin.gd:944: Error: Max allowed line length (100) exceeded (max-line-length)
addons/mobile_terrain/mobile_terrain_plugin.gd:957: Error: Max allowed line length (100) exceeded (max-line-length)
addons/mobile_terrain/mobile_terrain_plugin.gd:958: Error: Max allowed line length (100) exceeded (max-line-length)
addons/mobile_terrain/mobile_terrain_plugin.gd:959: Error: Max allowed line length (100) exceeded (max-line-length)
addons/mobile_terrain/mobile_terrain_plugin.gd:972: Error: Max allowed line length (100) exceeded (max-line-length)
addons/mobile_terrain/mobile_terrain_plugin.gd:973: Error: Max allowed line length (100) exceeded (max-line-length)
addons/mobile_terrain/mobile_terrain_plugin.gd:974: Error: Max allowed line length (100) exceeded (max-line-length)
addons/mobile_terrain/mobile_terrain_plugin.gd:1010: Error: Max allowed line length (100) exceeded (max-line-length)
addons/mobile_terrain/mobile_terrain_plugin.gd:1252: Error: Max allowed line length (100) exceeded (max-line-length)
addons/mobile_terrain/mobile_terrain_plugin.gd:1303: Error: Max allowed line length (100) exceeded (max-line-length)
addons/mobile_terrain/mobile_terrain_plugin.gd:1412: Error: Max allowed line length (100) exceeded (max-line-length)
addons/mobile_terrain/mobile_terrain_plugin.gd:1427: Error: Max allowed line length (100) exceeded (max-line-length)
addons/mobile_terrain/mobile_terrain_plugin.gd:1760: Error: Max allowed line length (100) exceeded (max-line-length)
addons/mobile_terrain/mobile_terrain_plugin.gd:1855: Error: Max allowed line length (100) exceeded (max-line-length)
addons/mobile_terrain/mobile_terrain_plugin.gd:2008: Error: Max allowed line length (100) exceeded (max-line-length)
addons/mobile_terrain/mobile_terrain_plugin.gd:2031: Error: Max allowed file lines num (1000) exceeded (max-file-lines)
addons/mobile_terrain/mobile_terrain_plugin.gd:104: Error: Trailing whitespace(s) (trailing-whitespace)
addons/mobile_terrain/mobile_terrain_plugin.gd:107: Error: Trailing whitespace(s) (trailing-whitespace)
addons/mobile_terrain/mobile_terrain_plugin.gd:146: Error: Trailing whitespace(s) (trailing-whitespace)
addons/mobile_terrain/mobile_terrain_plugin.gd:159: Error: Trailing whitespace(s) (trailing-whitespace)
addons/mobile_terrain/mobile_terrain_plugin.gd:221: Error: Trailing whitespace(s) (trailing-whitespace)
addons/mobile_terrain/mobile_terrain_plugin.gd:238: Error: Trailing whitespace(s) (trailing-whitespace)
addons/mobile_terrain/mobile_terrain_plugin.gd:250: Error: Trailing whitespace(s) (trailing-whitespace)
addons/mobile_terrain/mobile_terrain_plugin.gd:311: Error: Trailing whitespace(s) (trailing-whitespace)
addons/mobile_terrain/mobile_terrain_plugin.gd:314: Error: Trailing whitespace(s) (trailing-whitespace)
addons/mobile_terrain/mobile_terrain_plugin.gd:332: Error: Trailing whitespace(s) (trailing-whitespace)
addons/mobile_terrain/mobile_terrain_plugin.gd:339: Error: Trailing whitespace(s) (trailing-whitespace)
addons/mobile_terrain/mobile_terrain_plugin.gd:357: Error: Trailing whitespace(s) (trailing-whitespace)
addons/mobile_terrain/mobile_terrain_plugin.gd:359: Error: Trailing whitespace(s) (trailing-whitespace)
addons/mobile_terrain/mobile_terrain_plugin.gd:363: Error: Trailing whitespace(s) (trailing-whitespace)
addons/mobile_terrain/mobile_terrain_plugin.gd:376: Error: Trailing whitespace(s) (trailing-whitespace)
addons/mobile_terrain/mobile_terrain_plugin.gd:388: Error: Trailing whitespace(s) (trailing-whitespace)
addons/mobile_terrain/mobile_terrain_plugin.gd:396: Error: Trailing whitespace(s) (trailing-whitespace)
addons/mobile_terrain/mobile_terrain_plugin.gd:400: Error: Trailing whitespace(s) (trailing-whitespace)
addons/mobile_terrain/mobile_terrain_plugin.gd:409: Error: Trailing whitespace(s) (trailing-whitespace)
addons/mobile_terrain/mobile_terrain_plugin.gd:413: Error: Trailing whitespace(s) (trailing-whitespace)
addons/mobile_terrain/mobile_terrain_plugin.gd:428: Error: Trailing whitespace(s) (trailing-whitespace)
addons/mobile_terrain/mobile_terrain_plugin.gd:444: Error: Trailing whitespace(s) (trailing-whitespace)
addons/mobile_terrain/mobile_terrain_plugin.gd:448: Error: Trailing whitespace(s) (trailing-whitespace)
addons/mobile_terrain/mobile_terrain_plugin.gd:466: Error: Trailing whitespace(s) (trailing-whitespace)
addons/mobile_terrain/mobile_terrain_plugin.gd:475: Error: Trailing whitespace(s) (trailing-whitespace)
addons/mobile_terrain/mobile_terrain_plugin.gd:478: Error: Trailing whitespace(s) (trailing-whitespace)
addons/mobile_terrain/mobile_terrain_plugin.gd:489: Error: Trailing whitespace(s) (trailing-whitespace)
addons/mobile_terrain/mobile_terrain_plugin.gd:492: Error: Trailing whitespace(s) (trailing-whitespace)
addons/mobile_terrain/mobile_terrain_plugin.gd:500: Error: Trailing whitespace(s) (trailing-whitespace)
addons/mobile_terrain/mobile_terrain_plugin.gd:502: Error: Trailing whitespace(s) (trailing-whitespace)
addons/mobile_terrain/mobile_terrain_plugin.gd:539: Error: Trailing whitespace(s) (trailing-whitespace)
addons/mobile_terrain/mobile_terrain_plugin.gd:543: Error: Trailing whitespace(s) (trailing-whitespace)
addons/mobile_terrain/mobile_terrain_plugin.gd:551: Error: Trailing whitespace(s) (trailing-whitespace)
addons/mobile_terrain/mobile_terrain_plugin.gd:557: Error: Trailing whitespace(s) (trailing-whitespace)
addons/mobile_terrain/mobile_terrain_plugin.gd:563: Error: Trailing whitespace(s) (trailing-whitespace)
addons/mobile_terrain/mobile_terrain_plugin.gd:565: Error: Trailing whitespace(s) (trailing-whitespace)
addons/mobile_terrain/mobile_terrain_plugin.gd:570: Error: Trailing whitespace(s) (trailing-whitespace)
addons/mobile_terrain/mobile_terrain_plugin.gd:575: Error: Trailing whitespace(s) (trailing-whitespace)
addons/mobile_terrain/mobile_terrain_plugin.gd:581: Error: Trailing whitespace(s) (trailing-whitespace)
addons/mobile_terrain/mobile_terrain_plugin.gd:613: Error: Trailing whitespace(s) (trailing-whitespace)
addons/mobile_terrain/mobile_terrain_plugin.gd:621: Error: Trailing whitespace(s) (trailing-whitespace)
addons/mobile_terrain/mobile_terrain_plugin.gd:636: Error: Trailing whitespace(s) (trailing-whitespace)
addons/mobile_terrain/mobile_terrain_plugin.gd:643: Error: Trailing whitespace(s) (trailing-whitespace)
addons/mobile_terrain/mobile_terrain_plugin.gd:659: Error: Trailing whitespace(s) (trailing-whitespace)
addons/mobile_terrain/mobile_terrain_plugin.gd:667: Error: Trailing whitespace(s) (trailing-whitespace)
addons/mobile_terrain/mobile_terrain_plugin.gd:671: Error: Trailing whitespace(s) (trailing-whitespace)
addons/mobile_terrain/mobile_terrain_plugin.gd:680: Error: Trailing whitespace(s) (trailing-whitespace)
addons/mobile_terrain/mobile_terrain_plugin.gd:689: Error: Trailing whitespace(s) (trailing-whitespace)
addons/mobile_terrain/mobile_terrain_plugin.gd:691: Error: Trailing whitespace(s) (trailing-whitespace)
addons/mobile_terrain/mobile_terrain_plugin.gd:820: Error: Trailing whitespace(s) (trailing-whitespace)
addons/mobile_terrain/mobile_terrain_plugin.gd:825: Error: Trailing whitespace(s) (trailing-whitespace)
addons/mobile_terrain/mobile_terrain_plugin.gd:828: Error: Trailing whitespace(s) (trailing-whitespace)
addons/mobile_terrain/mobile_terrain_plugin.gd:834: Error: Trailing whitespace(s) (trailing-whitespace)
addons/mobile_terrain/mobile_terrain_plugin.gd:839: Error: Trailing whitespace(s) (trailing-whitespace)
addons/mobile_terrain/mobile_terrain_plugin.gd:843: Error: Trailing whitespace(s) (trailing-whitespace)
addons/mobile_terrain/mobile_terrain_plugin.gd:847: Error: Trailing whitespace(s) (trailing-whitespace)
addons/mobile_terrain/mobile_terrain_plugin.gd:859: Error: Trailing whitespace(s) (trailing-whitespace)
addons/mobile_terrain/mobile_terrain_plugin.gd:862: Error: Trailing whitespace(s) (trailing-whitespace)
addons/mobile_terrain/mobile_terrain_plugin.gd:864: Error: Trailing whitespace(s) (trailing-whitespace)
addons/mobile_terrain/mobile_terrain_plugin.gd:868: Error: Trailing whitespace(s) (trailing-whitespace)
addons/mobile_terrain/mobile_terrain_plugin.gd:879: Error: Trailing whitespace(s) (trailing-whitespace)
addons/mobile_terrain/mobile_terrain_plugin.gd:882: Error: Trailing whitespace(s) (trailing-whitespace)
addons/mobile_terrain/mobile_terrain_plugin.gd:903: Error: Trailing whitespace(s) (trailing-whitespace)
addons/mobile_terrain/mobile_terrain_plugin.gd:929: Error: Trailing whitespace(s) (trailing-whitespace)
addons/mobile_terrain/mobile_terrain_plugin.gd:933: Error: Trailing whitespace(s) (trailing-whitespace)
addons/mobile_terrain/mobile_terrain_plugin.gd:941: Error: Trailing whitespace(s) (trailing-whitespace)
addons/mobile_terrain/mobile_terrain_plugin.gd:947: Error: Trailing whitespace(s) (trailing-whitespace)
addons/mobile_terrain/mobile_terrain_plugin.gd:953: Error: Trailing whitespace(s) (trailing-whitespace)
addons/mobile_terrain/mobile_terrain_plugin.gd:955: Error: Trailing whitespace(s) (trailing-whitespace)
addons/mobile_terrain/mobile_terrain_plugin.gd:975: Error: Trailing whitespace(s) (trailing-whitespace)
addons/mobile_terrain/mobile_terrain_plugin.gd:981: Error: Trailing whitespace(s) (trailing-whitespace)
addons/mobile_terrain/mobile_terrain_plugin.gd:988: Error: Trailing whitespace(s) (trailing-whitespace)
addons/mobile_terrain/mobile_terrain_plugin.gd:990: Error: Trailing whitespace(s) (trailing-whitespace)
addons/mobile_terrain/mobile_terrain_plugin.gd:1225: Error: Trailing whitespace(s) (trailing-whitespace)
addons/mobile_terrain/mobile_terrain_plugin.gd:1228: Error: Trailing whitespace(s) (trailing-whitespace)
addons/mobile_terrain/mobile_terrain_plugin.gd:1250: Error: Trailing whitespace(s) (trailing-whitespace)
addons/mobile_terrain/mobile_terrain_plugin.gd:1272: Error: Trailing whitespace(s) (trailing-whitespace)
addons/mobile_terrain/mobile_terrain_plugin.gd:1285: Error: Trailing whitespace(s) (trailing-whitespace)
addons/mobile_terrain/mobile_terrain_plugin.gd:1290: Error: Trailing whitespace(s) (trailing-whitespace)
addons/mobile_terrain/mobile_terrain_plugin.gd:1297: Error: Trailing whitespace(s) (trailing-whitespace)
addons/mobile_terrain/mobile_terrain_plugin.gd:1313: Error: Trailing whitespace(s) (trailing-whitespace)
addons/mobile_terrain/mobile_terrain_plugin.gd:1355: Error: Trailing whitespace(s) (trailing-whitespace)
addons/mobile_terrain/mobile_terrain_plugin.gd:1367: Error: Trailing whitespace(s) (trailing-whitespace)
addons/mobile_terrain/mobile_terrain_plugin.gd:1383: Error: Trailing whitespace(s) (trailing-whitespace)
addons/mobile_terrain/mobile_terrain_plugin.gd:1420: Error: Trailing whitespace(s) (trailing-whitespace)
addons/mobile_terrain/mobile_terrain_plugin.gd:1537: Error: Trailing whitespace(s) (trailing-whitespace)
addons/mobile_terrain/mobile_terrain_plugin.gd:1546: Error: Trailing whitespace(s) (trailing-whitespace)
addons/mobile_terrain/mobile_terrain_plugin.gd:1551: Error: Trailing whitespace(s) (trailing-whitespace)
addons/mobile_terrain/mobile_terrain_plugin.gd:1616: Error: Trailing whitespace(s) (trailing-whitespace)
addons/mobile_terrain/mobile_terrain_plugin.gd:1622: Error: Trailing whitespace(s) (trailing-whitespace)
addons/mobile_terrain/mobile_terrain_plugin.gd:1854: Error: Trailing whitespace(s) (trailing-whitespace)
addons/mobile_terrain/mobile_terrain_plugin.gd:1926: Error: Trailing whitespace(s) (trailing-whitespace)
addons/mobile_terrain/mobile_terrain_plugin.gd:1930: Error: Trailing whitespace(s) (trailing-whitespace)
addons/mobile_terrain/mobile_terrain_plugin.gd:1939: Error: Trailing whitespace(s) (trailing-whitespace)
addons/mobile_terrain/mobile_terrain_plugin.gd:1951: Error: Trailing whitespace(s) (trailing-whitespace)
addons/mobile_terrain/mobile_terrain_plugin.gd:1959: Error: Trailing whitespace(s) (trailing-whitespace)
addons/mobile_terrain/mobile_terrain_plugin.gd:1969: Error: Trailing whitespace(s) (trailing-whitespace)
addons/mobile_terrain/mobile_terrain_plugin.gd:1975: Error: Trailing whitespace(s) (trailing-whitespace)
addons/mobile_terrain/mobile_terrain_plugin.gd:1991: Error: Trailing whitespace(s) (trailing-whitespace)
addons/mobile_terrain/mobile_terrain_plugin.gd:2007: Error: Trailing whitespace(s) (trailing-whitespace)
addons/mobile_terrain/mobile_terrain_plugin.gd:2009: Error: Trailing whitespace(s) (trailing-whitespace)
addons/mobile_terrain/mobile_terrain_plugin.gd:29: Error: Definition out of order in global scope (class-definitions-order)
addons/mobile_terrain/mobile_terrain_plugin.gd:30: Error: Definition out of order in global scope (class-definitions-order)
addons/mobile_terrain/mobile_terrain_plugin.gd:31: Error: Definition out of order in global scope (class-definitions-order)
addons/mobile_terrain/mobile_terrain_plugin.gd:34: Error: Definition out of order in global scope (class-definitions-order)
addons/mobile_terrain/mobile_terrain_plugin.gd:40: Error: Definition out of order in global scope (class-definitions-order)
addons/mobile_terrain/mobile_terrain_plugin.gd:45: Error: Definition out of order in global scope (class-definitions-order)
addons/mobile_terrain/mobile_terrain_plugin.gd:58: Error: Definition out of order in global scope (class-definitions-order)
addons/mobile_terrain/mobile_terrain_plugin.gd:67: Error: Definition out of order in global scope (class-definitions-order)
addons/mobile_terrain/mobile_terrain_plugin.gd:68: Error: Definition out of order in global scope (class-definitions-order)
addons/mobile_terrain/mobile_terrain_plugin.gd:69: Error: Definition out of order in global scope (class-definitions-order)
addons/mobile_terrain/mobile_terrain_plugin.gd:75: Error: Definition out of order in global scope (class-definitions-order)
addons/mobile_terrain/mobile_terrain_plugin.gd:76: Error: Definition out of order in global scope (class-definitions-order)
addons/mobile_terrain/mobile_terrain_plugin.gd:77: Error: Definition out of order in global scope (class-definitions-order)
addons/mobile_terrain/mobile_terrain_plugin.gd:95: Error: Definition out of order in global scope (class-definitions-order)
addons/mobile_terrain/mobile_terrain_plugin.gd:96: Error: Definition out of order in global scope (class-definitions-order)
addons/mobile_terrain/mobile_terrain_plugin.gd:165: Error: Definition out of order in global scope (class-definitions-order)
addons/mobile_terrain/mobile_terrain_plugin.gd:529: Error: Definition out of order in global scope (class-definitions-order)
addons/mobile_terrain/mobile_terrain_plugin.gd:1183: Error: Definition out of order in global scope (class-definitions-order)
addons/mobile_terrain/mobile_terrain_plugin.gd:1186: Error: Definition out of order in global scope (class-definitions-order)
addons/mobile_terrain/mobile_terrain_plugin.gd:1191: Error: Definition out of order in global scope (class-definitions-order)
addons/mobile_terrain/mobile_terrain_plugin.gd:1194: Error: Definition out of order in global scope (class-definitions-order)
addons/mobile_terrain/mobile_terrain_plugin.gd:1201: Error: Definition out of order in global scope (class-definitions-order)
addons/mobile_terrain/mobile_terrain_plugin.gd:1207: Error: Definition out of order in global scope (class-definitions-order)
addons/mobile_terrain/mobile_terrain_plugin.gd:1210: Error: Definition out of order in global scope (class-definitions-order)
addons/mobile_terrain/mobile_terrain_plugin.gd:704: Error: unused function argument 'fname' (unused-argument)
addons/mobile_terrain/mobile_terrain_plugin.gd:1855: Error: Unnecessary "elif" after "return" (no-elif-return)
addons/mobile_terrain/mobile_terrain_plugin.gd:1869: Error: Unnecessary "elif" after "return" (no-elif-return)
Failure: 153 problems found

--- addons/mobile_terrain/systems/brush_system.gd ---
addons/mobile_terrain/systems/brush_system.gd:82: Error: Function "falloff_at" has more than 6 return statements (max-returns)
addons/mobile_terrain/systems/brush_system.gd:23: Error: Max allowed line length (100) exceeded (max-line-length)
addons/mobile_terrain/systems/brush_system.gd:23: Error: Function argument name "map_size_" is not valid (function-argument-name)
addons/mobile_terrain/systems/brush_system.gd:23: Error: Function argument name "brush_mask_" is not valid (function-argument-name)
addons/mobile_terrain/systems/brush_system.gd:23: Error: Function argument name "brush_mask_image_" is not valid (function-argument-name)
addons/mobile_terrain/systems/brush_system.gd:23: Error: Function argument name "brush_shape_" is not valid (function-argument-name)
addons/mobile_terrain/systems/brush_system.gd:23: Error: Function argument name "noise_gen_" is not valid (function-argument-name)
Failure: 7 problems found

--- addons/mobile_terrain/systems/raymarch_system.gd ---
addons/mobile_terrain/systems/raymarch_system.gd:112: Error: Function-scope variable name "nxL" is not valid (function-variable-name)
addons/mobile_terrain/systems/raymarch_system.gd:113: Error: Function-scope variable name "nxR" is not valid (function-variable-name)
addons/mobile_terrain/systems/raymarch_system.gd:114: Error: Function-scope variable name "nzD" is not valid (function-variable-name)
addons/mobile_terrain/systems/raymarch_system.gd:115: Error: Function-scope variable name "nzU" is not valid (function-variable-name)
addons/mobile_terrain/systems/raymarch_system.gd:116: Error: Function-scope variable name "hL" is not valid (function-variable-name)
addons/mobile_terrain/systems/raymarch_system.gd:117: Error: Function-scope variable name "hR" is not valid (function-variable-name)
addons/mobile_terrain/systems/raymarch_system.gd:118: Error: Function-scope variable name "hD" is not valid (function-variable-name)
addons/mobile_terrain/systems/raymarch_system.gd:119: Error: Function-scope variable name "hU" is not valid (function-variable-name)
Failure: 8 problems found

--- addons/mobile_terrain/systems/sculpt_ops.gd ---
Success: no problems found

